###############################################################################
#
# IAR ELF Linker V9.10.2.313/W64 for ARM                  14/Jul/2021  22:07:23
# Copyright 2007-2021 IAR Systems AB.
#
#    Output file  =
#        C:\sofia\8periodo\sistemasEmbarcados\workspace\TM4C1294_RTOS_IAR9-main\Projects\tarefas\ewarm\Exe\tarefas.out
#    Map file     =
#        C:\sofia\8periodo\sistemasEmbarcados\workspace\TM4C1294_RTOS_IAR9-main\Projects\tarefas\ewarm\List\tarefas.map
#    Command line =
#        -f
#        C:\sofia\8periodo\sistemasEmbarcados\workspace\TM4C1294_RTOS_IAR9-main\Projects\tarefas\ewarm\Exe\tarefas.out.rsp
#        (C:\sofia\8periodo\sistemasEmbarcados\workspace\TM4C1294_RTOS_IAR9-main\Projects\tarefas\ewarm\Obj\driverleds.o
#        C:\sofia\8periodo\sistemasEmbarcados\workspace\TM4C1294_RTOS_IAR9-main\TivaWare_C_Series-2.1.4.178\driverlib\ewarm\Exe\driverlib.a
#        C:\sofia\8periodo\sistemasEmbarcados\workspace\TM4C1294_RTOS_IAR9-main\CMSIS-5.6.0\CMSIS\RTOS2\RTX\Library\IAR\IDE\CM4F\Exe\RTX_CM.a
#        C:\sofia\8periodo\sistemasEmbarcados\workspace\TM4C1294_RTOS_IAR9-main\Projects\tarefas\ewarm\Obj\RTX_Config.o
#        C:\sofia\8periodo\sistemasEmbarcados\workspace\TM4C1294_RTOS_IAR9-main\Projects\tarefas\ewarm\Obj\rtx_lib.o
#        C:\sofia\8periodo\sistemasEmbarcados\workspace\TM4C1294_RTOS_IAR9-main\Projects\tarefas\ewarm\Obj\startup_TM4C1294.o
#        C:\sofia\8periodo\sistemasEmbarcados\workspace\TM4C1294_RTOS_IAR9-main\Projects\tarefas\ewarm\Obj\system_TM4C1294_TW.o
#        C:\sofia\8periodo\sistemasEmbarcados\workspace\TM4C1294_RTOS_IAR9-main\Projects\tarefas\ewarm\Obj\tarefas.o
#        --no_out_extension -o
#        C:\sofia\8periodo\sistemasEmbarcados\workspace\TM4C1294_RTOS_IAR9-main\Projects\tarefas\ewarm\Exe\tarefas.out
#        --map
#        C:\sofia\8periodo\sistemasEmbarcados\workspace\TM4C1294_RTOS_IAR9-main\Projects\tarefas\ewarm\List\tarefas.map
#        --config "C:\Program Files\IAR Systems\Embedded Workbench
#        9.0\arm\config\linker\TexasInstruments\TM4C1294NC.icf" --semihosting
#        --entry __iar_program_start --vfe --text_out locale)
#
###############################################################################

*******************************************************************************
*** RUNTIME MODEL ATTRIBUTES
***

CppFlavor       = *
__SystemLibrary = DLib
__dlib_version  = 6


*******************************************************************************
*** HEAP SELECTION
***

The basic heap was selected because some modules are built with
size limitations (and not runtime checking), and --advanced_heap
was not specified.


*******************************************************************************
*** PLACEMENT SUMMARY
***

"A0":  place at address 0x0 { ro section .intvec };
"P1":  place in [from 0x0 to 0xf'ffff] { ro };
define block CSTACK with size = 32K, alignment = 8 { };
define block HEAP with size = 64K, alignment = 8 { };
"P2":  place in [from 0x2000'0000 to 0x2003'ffff] {
          rw, block CSTACK, block HEAP };
initialize by copy { rw };

  Section               Kind         Address    Size  Object
  -------               ----         -------    ----  ------
"A0":                                          0x3c0
  .intvec               ro code          0x0   0x3c0  startup_TM4C1294.o [1]
                                     - 0x3c0   0x3c0

"P1":                                         0x22ed
  .text                 ro code        0x3c0   0x740  rtx_thread.o [2]
  .text                 ro code        0xb00     0x2  rtx_evr.o [2]
  .text                 ro code        0xb02     0x2  rtx_evr.o [2]
  .text                 ro code        0xb04     0x2  rtx_evr.o [2]
  .text                 ro code        0xb06     0x2  rtx_evr.o [2]
  .text                 ro code        0xb08     0x2  rtx_evr.o [2]
  .text                 ro code        0xb0a     0x2  rtx_evr.o [2]
  .text                 ro code        0xb0c     0x2  rtx_evr.o [2]
  .text                 ro code        0xb0e     0x2  rtx_evr.o [2]
  .text                 ro code        0xb10     0x2  rtx_evr.o [2]
  .text                 ro code        0xb12     0x2  rtx_evr.o [2]
  .text                 ro code        0xb14    0x28  rtx_thread.o [2]
  .text                 ro code        0xb3c     0x2  rtx_evr.o [2]
  .text                 ro code        0xb3e     0x2  rtx_evr.o [2]
  .text                 ro code        0xb40     0x2  rtx_evr.o [2]
  .text                 ro code        0xb42    0x3a  packbits_init_single.o [5]
  .text                 ro code        0xb7c    0xe6  rtx_mempool.o [2]
  .text                 ro code        0xc62     0x2  rtx_evr.o [2]
  .text                 ro code        0xc64    0x84  rtx_memory.o [2]
  .text                 ro code        0xce8     0x6  ABImemclr4.o [5]
  .text                 ro code        0xcee     0x2  rtx_evr.o [2]
  .text                 ro code        0xcf0    0x4a  rtx_memory.o [2]
  .text                 ro code        0xd3a     0x2  RTX_Config.o [1]
  .text                 ro code        0xd3c    0x52  rtx_mutex.o [2]
  .text                 ro code        0xd8e     0x2  rtx_evr.o [2]
  .text                 ro code        0xd90     0x2  rtx_evr.o [2]
  .text                 ro code        0xd92     0x2  rtx_evr.o [2]
  .text                 ro code        0xd94     0x2  rtx_evr.o [2]
  .text                 ro code        0xd96    0x20  RTX_Config.o [1]
  .text                 ro code        0xdb6     0x2  rtx_evr.o [2]
  .text                 ro code        0xdb8     0x2  rtx_evr.o [2]
  .text                 ro code        0xdba     0x2  rtx_evr.o [2]
  .text                 ro code        0xdbc     0x2  rtx_evr.o [2]
  .text                 ro code        0xdbe     0x2  startup_TM4C1294.o [1]
  .text                 ro code        0xdc0    0x32  ABImemset48.o [5]
  .text                 ro code        0xdf2     0x2  rtx_evr.o [2]
  .text                 ro code        0xdf4     0x2  rtx_evr.o [2]
  .text                 ro code        0xdf6     0x2  rtx_evr.o [2]
  .text                 ro code        0xdf8   0x61c  rtx_msgqueue.o [2]
  .text                 ro code       0x1414    0xa6  ABImemcpy.o [5]
  .text                 ro code       0x14ba     0x2  rtx_evr.o [2]
  .text                 ro code       0x14bc     0x2  rtx_evr.o [2]
  .text                 ro code       0x14be     0x2  rtx_evr.o [2]
  .text                 ro code       0x14c0     0x6  ABImemclr.o [5]
  .text                 ro code       0x14c6     0x2  rtx_evr.o [2]
  .text                 ro code       0x14c8     0x2  rtx_evr.o [2]
  .text                 ro code       0x14ca     0x2  rtx_evr.o [2]
  .text                 ro code       0x14cc     0x2  rtx_evr.o [2]
  .text                 ro code       0x14ce     0x2  rtx_evr.o [2]
  .text                 ro code       0x14d0     0x2  rtx_evr.o [2]
  .text                 ro code       0x14d2     0x2  rtx_evr.o [2]
  .text                 ro code       0x14d4   0x174  rtx_system.o [2]
  .text                 ro code       0x1648     0x2  rtx_evr.o [2]
  .text                 ro code       0x164a     0x2  rtx_evr.o [2]
  .text                 ro code       0x164c    0x5e  ABImemset.o [5]
  .text                 ro code       0x16ac     0xc  os_systick.o [2]
  .text                 ro code       0x16b8   0x2c8  rtx_kernel.o [2]
  .text                 ro code       0x1980     0x2  rtx_evr.o [2]
  .text                 ro code       0x1982    0x44  rtx_memory.o [2]
  .text                 ro code       0x19c6     0x2  rtx_evr.o [2]
  .text                 ro code       0x19c8     0x2  rtx_evr.o [2]
  .text                 ro code       0x19cc    0x40  os_systick.o [2]
  .text                 ro code       0x1a0c     0x6  os_systick.o [2]
  .text                 ro code       0x1a14    0x2c  os_systick.o [2]
  .text                 ro code       0x1a40     0x2  rtx_evr.o [2]
  .text                 ro code       0x1a42     0x2  rtx_lib.o [1]
  .text                 ro code       0x1a44     0x2  rtx_evr.o [2]
  .text                 ro code       0x1a46     0x2  rtx_evr.o [2]
  .text                 ro code       0x1a48     0x2  rtx_evr.o [2]
  .text                 ro code       0x1a4a     0x2  rtx_evr.o [2]
  .text                 ro code       0x1a4c   0x2a0  sysctl.o [4]
  .rodata               const         0x1cec   0x1b0  sysctl.o [4]
  .text                 ro code       0x1e9c   0x14e  gpio.o [4]
  .text                 ro code       0x1fec   0x130  driverleds.o [1]
  .text                 ro code       0x211c    0xd4  tarefas.o [1]
  .text                 ro code       0x21f0    0x7c  rtx_delay.o [2]
  .text                 ro code       0x226c     0x2  rtx_evr.o [2]
  .text                 ro code       0x226e     0x2  rtx_evr.o [2]
  .text                 ro code       0x2270     0x2  rtx_evr.o [2]
  .text                 ro code       0x2274    0xc4  irq_cm4f.o [2]
  .text                 ro code       0x2338    0x90  rtx_timer.o [2]
  .rodata               const         0x23c8    0x6c  sysctl.o [4]
  .rodata               const         0x2434    0x68  rtx_lib.o [1]
  .text                 ro code       0x249c    0x44  rtx_timer.o [2]
  .text                 ro code       0x24e0     0x2  rtx_evr.o [2]
  .text                 ro code       0x24e2    0x38  zero_init3.o [5]
  .rodata               const         0x251c    0x30  sysctl.o [4]
  .text                 ro code       0x254c    0x30  system_TM4C1294_TW.o [1]
  .text                 ro code       0x257c    0x28  data_init.o [5]
  .rodata               const         0x25a4    0x24  rtx_lib.o [1]
  .rodata               const         0x25c8    0x24  rtx_lib.o [1]
  .iar.init_table       const         0x25ec    0x20  - Linker created -
  .text                 ro code       0x260c    0x1e  cmain.o [5]
  .text                 ro code       0x262a     0x4  low_level_init.o [3]
  .text                 ro code       0x262e     0x4  exit.o [3]
  .text                 ro code       0x2634     0xa  cexit.o [5]
  .text                 ro code       0x2640    0x14  exit.o [6]
  .text                 ro code       0x2654    0x1c  cstartup_M.o [5]
  .text                 ro code       0x2670    0x14  startup_TM4C1294.o [1]
  .rodata               const         0x2684    0x18  rtx_lib.o [1]
  .rodata               const         0x269c     0x4  rtx_lib.o [1]
  .rodata               const         0x26a0     0x0  zero_init3.o [5]
  .rodata               const         0x26a0     0x0  packbits_init_single.o [5]
  Initializer bytes     const         0x26a0     0xd  <for P2-1>
                                    - 0x26ad  0x22ed

"P2", part 1 of 3:                              0xa4
  P2-1                           0x2000'0000    0xa4  <Init block>
    .data.os            inited   0x2000'0000    0xa4  rtx_kernel.o [2]
                               - 0x2000'00a4    0xa4

"P2", part 2 of 3:                            0x1364
  .bss.os               zero     0x2000'00a8  0x1000  rtx_lib.o [1]
  .bss.os.thread.stack  zero     0x2000'10a8   0x100  rtx_lib.o [1]
  .bss.os.thread.stack  zero     0x2000'11a8   0x100  rtx_lib.o [1]
  .bss.os.msgqueue.mem  zero     0x2000'12a8    0x50  rtx_lib.o [1]
  .bss.os.thread.cb     zero     0x2000'12f8    0x44  rtx_lib.o [1]
  .bss.os.thread.cb     zero     0x2000'133c    0x44  rtx_lib.o [1]
  .bss.os               zero     0x2000'1380    0x40  rtx_lib.o [1]
  .bss.os.msgqueue.cb   zero     0x2000'13c0    0x34  rtx_lib.o [1]
  .bss                  zero     0x2000'13f4     0x4  tarefas.o [1]
  .bss                  zero     0x2000'13f8     0x4  tarefas.o [1]
  .bss                  zero     0x2000'13fc     0x4  tarefas.o [1]
  .bss                  zero     0x2000'1400     0x4  tarefas.o [1]
  .bss                  zero     0x2000'1404     0x1  os_systick.o [2]
                               - 0x2000'1405  0x1361

"P2", part 3 of 3:                            0x8008
  .noinit               uninit   0x2000'1408     0x4  system_TM4C1294_TW.o [1]
  CSTACK                         0x2000'1410  0x8000  <Block>
    CSTACK              uninit   0x2000'1410  0x8000  <Block tail>
                               - 0x2000'9410  0x8008

Unused ranges:

         From           To      Size
         ----           --      ----
       0x26ad     0xf'ffff  0xf'd953
  0x2000'9410  0x2003'ffff  0x3'6bf0


*******************************************************************************
*** INIT TABLE
***

          Address      Size
          -------      ----
Zero (__iar_zero_init3)
    1 destination range, total size 0x135d:
          0x2000'00a8  0x135d

Copy/packbits (__iar_packbits_init_single3)
    1 source range, total size 0xd (7% of destination):
               0x26a0     0xd
    1 destination range, total size 0xa4:
          0x2000'0000    0xa4



*******************************************************************************
*** MODULE SUMMARY
***

    Module                  ro code  ro data  rw data
    ------                  -------  -------  -------
command line/config:
    -------------------------------------------------
    Total:

C:\sofia\8periodo\sistemasEmbarcados\workspace\TM4C1294_RTOS_IAR9-main\Projects\tarefas\ewarm\Obj: [1]
    RTX_Config.o                 34
    driverleds.o                304
    rtx_lib.o                     2      204    4'940
    startup_TM4C1294.o          982
    system_TM4C1294_TW.o         48                 4
    tarefas.o                   212                16
    -------------------------------------------------
    Total:                    1'582      204    4'960

RTX_CM.a: [2]
    irq_cm4f.o                  196
    os_systick.o                126                 1
    rtx_delay.o                 124
    rtx_evr.o                   100
    rtx_kernel.o                712       13      164
    rtx_memory.o                274
    rtx_mempool.o               230
    rtx_msgqueue.o            1'564
    rtx_mutex.o                  82
    rtx_system.o                372
    rtx_thread.o              1'896
    rtx_timer.o                 212
    -------------------------------------------------
    Total:                    5'888       13      165

dl7M_tln.a: [3]
    exit.o                        4
    low_level_init.o              4
    -------------------------------------------------
    Total:                        8

driverlib.a: [4]
    gpio.o                      334
    sysctl.o                    672      588
    -------------------------------------------------
    Total:                    1'006      588

rt7M_tl.a: [5]
    ABImemclr.o                   6
    ABImemclr4.o                  6
    ABImemcpy.o                 166
    ABImemset.o                  94
    ABImemset48.o                50
    cexit.o                      10
    cmain.o                      30
    cstartup_M.o                 28
    data_init.o                  40
    packbits_init_single.o       58
    zero_init3.o                 56
    -------------------------------------------------
    Total:                      544

shb_l.a: [6]
    exit.o                       20
    -------------------------------------------------
    Total:                       20

    Gaps                         14        2        4
    Linker created                        32   32'768
-----------------------------------------------------
    Grand Total:              9'062      839   37'897


*******************************************************************************
*** ENTRY LIST
***

Entry                       Address    Size  Type      Object
-----                       -------    ----  ----      ------
.iar.init_table$$Base        0x25ec           --   Gb  - Linker created -
.iar.init_table$$Limit       0x260c           --   Gb  - Linker created -
?main                        0x260d          Code  Gb  cmain.o [5]
AcendeLed                    0x211d    0x26  Code  Gb  tarefas.o [1]
CSTACK$$Base            0x2000'1410           --   Gb  - Linker created -
CSTACK$$Limit           0x2000'9410           --   Gb  - Linker created -
EvrRtxDelayCompleted          0xb01     0x2  Code  Gb  rtx_evr.o [2]
EvrRtxDelayError             0x226d     0x2  Code  Gb  rtx_evr.o [2]
EvrRtxDelayUntil             0x2271     0x2  Code  Gb  rtx_evr.o [2]
EvrRtxDelayUntilStarted
                             0x226f     0x2  Code  Gb  rtx_evr.o [2]
EvrRtxEventFlagsWaitTimeout
                              0xb05     0x2  Code  Gb  rtx_evr.o [2]
EvrRtxKernelError            0x1981     0x2  Code  Gb  rtx_evr.o [2]
EvrRtxKernelGetState         0x19c9     0x2  Code  Gb  rtx_evr.o [2]
EvrRtxKernelGetTickCount
                             0x1a49     0x2  Code  Gb  rtx_evr.o [2]
EvrRtxKernelInitialize       0x1a45     0x2  Code  Gb  rtx_evr.o [2]
EvrRtxKernelInitialized
                             0x19c7     0x2  Code  Gb  rtx_evr.o [2]
EvrRtxKernelStart            0x1a47     0x2  Code  Gb  rtx_evr.o [2]
EvrRtxKernelStarted          0x1a41     0x2  Code  Gb  rtx_evr.o [2]
EvrRtxMemoryAlloc             0xdbd     0x2  Code  Gb  rtx_evr.o [2]
EvrRtxMemoryBlockAlloc        0xdb9     0x2  Code  Gb  rtx_evr.o [2]
EvrRtxMemoryBlockFree         0xdbb     0x2  Code  Gb  rtx_evr.o [2]
EvrRtxMemoryBlockInit         0xdb7     0x2  Code  Gb  rtx_evr.o [2]
EvrRtxMemoryFree              0xdf3     0x2  Code  Gb  rtx_evr.o [2]
EvrRtxMemoryInit             0x1a4b     0x2  Code  Gb  rtx_evr.o [2]
EvrRtxMemoryPoolAllocTimeout
                              0xb0b     0x2  Code  Gb  rtx_evr.o [2]
EvrRtxMessageQueueCreated
                             0x14c7     0x2  Code  Gb  rtx_evr.o [2]
EvrRtxMessageQueueError
                             0x14bf     0x2  Code  Gb  rtx_evr.o [2]
EvrRtxMessageQueueGet        0x164b     0x2  Code  Gb  rtx_evr.o [2]
EvrRtxMessageQueueGetPending
                             0x14cd     0x2  Code  Gb  rtx_evr.o [2]
EvrRtxMessageQueueGetTimeout
                              0xb0d     0x2  Code  Gb  rtx_evr.o [2]
EvrRtxMessageQueueInsertPending
                             0x1649     0x2  Code  Gb  rtx_evr.o [2]
EvrRtxMessageQueueInserted
                             0x14bb     0x2  Code  Gb  rtx_evr.o [2]
EvrRtxMessageQueueNew        0x14d1     0x2  Code  Gb  rtx_evr.o [2]
EvrRtxMessageQueueNotInserted
                             0x14cb     0x2  Code  Gb  rtx_evr.o [2]
EvrRtxMessageQueueNotRetrieved
                             0x14cf     0x2  Code  Gb  rtx_evr.o [2]
EvrRtxMessageQueuePut        0x14d3     0x2  Code  Gb  rtx_evr.o [2]
EvrRtxMessageQueuePutPending
                             0x14c9     0x2  Code  Gb  rtx_evr.o [2]
EvrRtxMessageQueuePutTimeout
                              0xb0f     0x2  Code  Gb  rtx_evr.o [2]
EvrRtxMessageQueueRetrieved
                             0x14bd     0x2  Code  Gb  rtx_evr.o [2]
EvrRtxMutexAcquireTimeout
                              0xb07     0x2  Code  Gb  rtx_evr.o [2]
EvrRtxMutexAcquired           0xdf7     0x2  Code  Gb  rtx_evr.o [2]
EvrRtxMutexReleased           0xdf5     0x2  Code  Gb  rtx_evr.o [2]
EvrRtxSemaphoreAcquireTimeout
                              0xb09     0x2  Code  Gb  rtx_evr.o [2]
EvrRtxThreadBlocked           0xb3f     0x2  Code  Gb  rtx_evr.o [2]
EvrRtxThreadCreated           0xcef     0x2  Code  Gb  rtx_evr.o [2]
EvrRtxThreadDestroyed         0xd91     0x2  Code  Gb  rtx_evr.o [2]
EvrRtxThreadError             0xc63     0x2  Code  Gb  rtx_evr.o [2]
EvrRtxThreadExit              0xd95     0x2  Code  Gb  rtx_evr.o [2]
EvrRtxThreadFlagsWaitCompleted
                              0xb41     0x2  Code  Gb  rtx_evr.o [2]
EvrRtxThreadFlagsWaitTimeout
                              0xb03     0x2  Code  Gb  rtx_evr.o [2]
EvrRtxThreadJoined            0xd8f     0x2  Code  Gb  rtx_evr.o [2]
EvrRtxThreadNew               0xd93     0x2  Code  Gb  rtx_evr.o [2]
EvrRtxThreadPreempted         0xb13     0x2  Code  Gb  rtx_evr.o [2]
EvrRtxThreadSwitched          0xb3d     0x2  Code  Gb  rtx_evr.o [2]
EvrRtxThreadUnblocked         0xb11     0x2  Code  Gb  rtx_evr.o [2]
EvrRtxTimerCallback          0x24e1     0x2  Code  Gb  rtx_evr.o [2]
GPIODirModeSet               0x1e9d    0x28  Code  Gb  gpio.o [4]
GPIOPadConfigSet             0x1ec5   0x102  Code  Gb  gpio.o [4]
GPIOPinTypeGPIOOutput        0x1fcf     0xa  Code  Gb  gpio.o [4]
GPIOPinWrite                 0x1fc7     0x8  Code  Gb  gpio.o [4]
LEDInit                      0x1fed    0xba  Code  Gb  driverleds.o [1]
LEDWrite                     0x20a7    0x64  Code  Gb  driverleds.o [1]
MessageQueueGet               0xe45    0x40  Code  Lc  rtx_msgqueue.o [2]
MessageQueuePut               0xdf9    0x4a  Code  Lc  rtx_msgqueue.o [2]
MessageQueueRemove            0xe85    0x1a  Code  Lc  rtx_msgqueue.o [2]
OS_Tick_AcknowledgeIRQ       0x16ad     0xc  Code  Gb  os_systick.o [2]
OS_Tick_Enable               0x1a15    0x2c  Code  Gb  os_systick.o [2]
OS_Tick_GetIRQn              0x1a0d     0x6  Code  Gb  os_systick.o [2]
OS_Tick_Setup                0x19cd    0x40  Code  Gb  os_systick.o [2]
PendST                  0x2000'1404     0x1  Data  Lc  os_systick.o [2]
PendSV_Handler               0x230d          Code  Gb  irq_cm4f.o [2]
Region$$Table$$Base          0x25ec           --   Gb  - Linker created -
Region$$Table$$Limit         0x260c           --   Gb  - Linker created -
SVC_Handler                  0x2275          Code  Gb  irq_cm4f.o [2]
SysCtlClockFreqSet           0x1aaf   0x1fc  Code  Gb  sysctl.o [4]
SysCtlPeripheralEnable       0x1a91     0x8  Code  Gb  sysctl.o [4]
SysCtlPeripheralReady        0x1a6f     0x8  Code  Gb  sysctl.o [4]
SysTick_Handler              0x231d          Code  Gb  irq_cm4f.o [2]
SystemCoreClock         0x2000'1408     0x4  Data  Gb  system_TM4C1294_TW.o [1]
SystemInit                   0x254d    0x1c  Code  Gb  system_TM4C1294_TW.o [1]
ThreadFlagsCheck              0x3c1    0x6c  Code  Lc  rtx_thread.o [2]
TimerInsert                  0x2339    0x38  Code  Lc  rtx_timer.o [2]
_SysCtlMemTimingGet          0x1a4d    0x22  Code  Lc  sysctl.o [4]
__Vectors                       0x0           --   Gb  startup_TM4C1294.o [1]
__Vectors_End                 0x3c0          Data  Gb  startup_TM4C1294.o [1]
__Vectors_Size {Abs}          0x3c0           --   Gb  startup_TM4C1294.o [1]
__aeabi_memclr               0x14c1          Code  Gb  ABImemclr.o [5]
__aeabi_memclr4               0xce9          Code  Gb  ABImemclr4.o [5]
__aeabi_memcpy               0x1415          Code  Gb  ABImemcpy.o [5]
__aeabi_memcpy4              0x1435          Code  Gb  ABImemcpy.o [5]
__aeabi_memcpy8              0x1435          Code  Gb  ABImemcpy.o [5]
__cmain                      0x260d          Code  Gb  cmain.o [5]
__exit                       0x2641    0x14  Code  Gb  exit.o [6]
__iar_Memset4_word            0xdc1          Code  Gb  ABImemset48.o [5]
__iar_Memset8_word            0xdc1          Code  Gb  ABImemset48.o [5]
__iar_Memset_word            0x164d          Code  Gb  ABImemset.o [5]
__iar_data_init3             0x257d    0x28  Code  Gb  data_init.o [5]
__iar_init_vfp               0x2679          Code  Wk  startup_TM4C1294.o [1]
__iar_packbits_init_single3
                              0xb43    0x3a  Code  Gb  packbits_init_single.o [5]
__iar_program_start          0x2655          Code  Gb  cstartup_M.o [5]
__iar_zero_init3             0x24e3    0x38  Code  Gb  zero_init3.o [5]
__low_level_init             0x262b     0x4  Code  Gb  low_level_init.o [3]
__vector_table                  0x0          Data  Gb  startup_TM4C1294.o [1]
__vector_table_0x1c            0x1c          Data  Gb  startup_TM4C1294.o [1]
_call_main                   0x2619          Code  Gb  cmain.o [5]
_exit                        0x2635          Code  Gb  cexit.o [5]
exit                         0x262f     0x4  Code  Gb  exit.o [3]
g_pppui32XTALtoVCO           0x1cec   0x1b0  Data  Lc  sysctl.o [4]
g_pui32VCOFrequencies        0x1ce4     0x8  Data  Lc  sysctl.o [4]
g_pui32Xtals                 0x23c8    0x6c  Data  Lc  sysctl.o [4]
g_sXTALtoMEMTIM              0x251c    0x30  Data  Lc  sysctl.o [4]
main                         0x2143    0x98  Code  Gb  tarefas.o [1]
osDelayUntil                 0x222d    0x38  Code  Gb  rtx_delay.o [2]
osKernelGetState             0x18b5    0x40  Code  Gb  rtx_kernel.o [2]
osKernelGetTickCount         0x1929    0x20  Code  Gb  rtx_kernel.o [2]
osKernelInitialize           0x187d    0x38  Code  Gb  rtx_kernel.o [2]
osKernelStart                0x18f5    0x34  Code  Gb  rtx_kernel.o [2]
osMessageQueueGet            0x1371    0x90  Code  Gb  rtx_msgqueue.o [2]
osMessageQueueNew            0x1299    0x3e  Code  Gb  rtx_msgqueue.o [2]
osMessageQueuePut            0x12d9    0x98  Code  Gb  rtx_msgqueue.o [2]
osRtxConfig                  0x2434    0x68  Data  Gb  rtx_lib.o [1]
osRtxErrorNotify              0xd97    0x20  Code  Gb  RTX_Config.o [1]
osRtxIdleThread               0xd3b     0x2  Code  Gb  RTX_Config.o [1]
osRtxInfo               0x2000'0000    0xa4  Data  Gb  rtx_kernel.o [2]
osRtxKernelPreInit           0x1a43     0x2  Code  Gb  rtx_lib.o [1]
osRtxMemoryAlloc              0xc65    0x84  Code  Gb  rtx_memory.o [2]
osRtxMemoryFree               0xcf1    0x4a  Code  Gb  rtx_memory.o [2]
osRtxMemoryInit              0x1983    0x44  Code  Gb  rtx_memory.o [2]
osRtxMemoryPoolAlloc          0xbc9    0x44  Code  Gb  rtx_mempool.o [2]
osRtxMemoryPoolFree           0xc0d    0x56  Code  Gb  rtx_mempool.o [2]
osRtxMemoryPoolInit           0xb7d    0x4a  Code  Gb  rtx_mempool.o [2]
osRtxMessageQueuePostProcess
                              0xe9f    0xe6  Code  Lc  rtx_msgqueue.o [2]
osRtxMutexOwnerRelease        0xd3d    0x52  Code  Gb  rtx_mutex.o [2]
osRtxPendSV_Handler          0x1545    0x8a  Code  Gb  rtx_system.o [2]
osRtxPostProcess             0x15d1    0x6e  Code  Gb  rtx_system.o [2]
osRtxThreadBlock              0x629    0x34  Code  Lc  rtx_thread.o [2]
osRtxThreadDelayInsert        0x481    0x62  Code  Lc  rtx_thread.o [2]
osRtxThreadDelayRemove        0x4e3    0x44  Code  Lc  rtx_thread.o [2]
osRtxThreadDelayTick          0x527    0xee  Code  Gb  rtx_thread.o [2]
osRtxThreadDispatch           0x679    0x54  Code  Gb  rtx_thread.o [2]
osRtxThreadFree               0x967    0x56  Code  Lc  rtx_thread.o [2]
osRtxThreadListGet            0x44f    0x14  Code  Gb  rtx_thread.o [2]
osRtxThreadListPut            0x42d    0x22  Code  Gb  rtx_thread.o [2]
osRtxThreadListRemove         0x463    0x16  Code  Gb  rtx_thread.o [2]
osRtxThreadPostProcess        0x741    0x54  Code  Lc  rtx_thread.o [2]
osRtxThreadReadyPut           0x479     0x8  Code  Gb  rtx_thread.o [2]
osRtxThreadRegPtr             0x615    0x14  Code  Gb  rtx_thread.o [2]
osRtxThreadStackCheck         0xb15    0x28  Code  Gb  rtx_thread.o [2]
osRtxThreadStartup            0xa51    0x30  Code  Gb  rtx_thread.o [2]
osRtxThreadSwitch             0x65d    0x1c  Code  Gb  rtx_thread.o [2]
osRtxThreadWaitEnter          0x707    0x3a  Code  Gb  rtx_thread.o [2]
osRtxThreadWaitExit           0x6d3    0x2e  Code  Gb  rtx_thread.o [2]
osRtxTick_Handler            0x14d5    0x6e  Code  Gb  rtx_system.o [2]
osRtxTimerThread             0x249d    0x44  Code  Gb  rtx_timer.o [2]
osRtxTimerTick               0x2371    0x54  Code  Lc  rtx_timer.o [2]
osRtxUserSVC                 0x269c     0x4  Data  Gb  rtx_lib.o [1]
osThreadExit                  0xacd    0x16  Code  Gb  rtx_thread.o [2]
osThreadNew                   0xa85    0x40  Code  Gb  rtx_thread.o [2]
os_idle_thread_attr          0x25a4    0x24  Data  Lc  rtx_lib.o [1]
os_idle_thread_cb       0x2000'12f8    0x44  Data  Lc  rtx_lib.o [1]
os_idle_thread_stack    0x2000'10a8   0x100  Data  Lc  rtx_lib.o [1]
os_isr_queue            0x2000'1380    0x40  Data  Lc  rtx_lib.o [1]
os_mem                  0x2000'00a8  0x1000  Data  Lc  rtx_lib.o [1]
os_timer_mq_attr             0x2684    0x18  Data  Lc  rtx_lib.o [1]
os_timer_mq_cb          0x2000'13c0    0x34  Data  Lc  rtx_lib.o [1]
os_timer_mq_data        0x2000'12a8    0x50  Data  Lc  rtx_lib.o [1]
os_timer_thread_attr         0x25c8    0x24  Data  Lc  rtx_lib.o [1]
os_timer_thread_cb      0x2000'133c    0x44  Data  Lc  rtx_lib.o [1]
os_timer_thread_stack   0x2000'11a8   0x100  Data  Lc  rtx_lib.o [1]
svcRtxDelayUntil             0x21f1    0x3c  Code  Lc  rtx_delay.o [2]
svcRtxKernelGetState         0x17cf    0x12  Code  Lc  rtx_kernel.o [2]
svcRtxKernelGetTickCount
                             0x1877     0x4  Code  Lc  rtx_kernel.o [2]
svcRtxKernelInitialize       0x16b9   0x116  Code  Lc  rtx_kernel.o [2]
svcRtxKernelStart            0x17e1    0x96  Code  Lc  rtx_kernel.o [2]
svcRtxMessageQueueGet        0x1189    0xe8  Code  Lc  rtx_msgqueue.o [2]
svcRtxMessageQueueNew         0xf85   0x130  Code  Lc  rtx_msgqueue.o [2]
svcRtxMessageQueuePut        0x10b5    0xd4  Code  Lc  rtx_msgqueue.o [2]
svcRtxThreadExit              0x9bd    0x8e  Code  Lc  rtx_thread.o [2]
svcRtxThreadNew               0x795   0x1cc  Code  Lc  rtx_thread.o [2]
thread1_id              0x2000'13f4     0x4  Data  Gb  tarefas.o [1]
thread2_id              0x2000'13f8     0x4  Data  Gb  tarefas.o [1]
thread3_id              0x2000'13fc     0x4  Data  Gb  tarefas.o [1]
thread4_id              0x2000'1400     0x4  Data  Gb  tarefas.o [1]


[1] = C:\sofia\8periodo\sistemasEmbarcados\workspace\TM4C1294_RTOS_IAR9-main\Projects\tarefas\ewarm\Obj
[2] = RTX_CM.a
[3] = dl7M_tln.a
[4] = driverlib.a
[5] = rt7M_tl.a
[6] = shb_l.a

   9'062 bytes of readonly  code memory
     839 bytes of readonly  data memory
  37'897 bytes of readwrite data memory

Errors: none
Warnings: none
